******************************************************************************
                  TI ARM Linker PC v20.2.1                     
******************************************************************************
>> Linked Wed Nov 18 14:07:38 2020

OUTPUT FILE NAME:   <LabWackamole.out>
ENTRY POINT SYMBOL: "_c_int00_noargs"  address: 000009a1


MEMORY CONFIGURATION

         name            origin    length      used     unused   attr    fill
----------------------  --------  ---------  --------  --------  ----  --------
  FLASH                 00000000   00040000  00000a80  0003f580  R  X
  SRAM                  20000000   00008000  00000214  00007dec  RW X


SEGMENT ALLOCATION MAP

run origin  load origin   length   init length attrs members
----------  ----------- ---------- ----------- ----- -------
00000000    00000000    00000a80   00000a80    r-x
  00000000    00000000    0000026c   0000026c    r-- .intvecs
  0000026c    0000026c    000007dc   000007dc    r-x .text
  00000a48    00000a48    00000038   00000038    r-- .cinit
20000000    20000000    00000214   00000000    rw-
  20000000    20000000    00000200   00000000    rw- .stack
  20000200    20000200    00000010   00000000    rw- .data
  20000210    20000210    00000004   00000000    rw- .bss


SECTION ALLOCATION MAP

 output                                  attributes/
section   page    origin      length       input sections
--------  ----  ----------  ----------   ----------------
.intvecs   0    00000000    0000026c     
                  00000000    0000026c     tm4c1232h6pm_startup_ccs.obj (.intvecs)

.text      0    0000026c    000007dc     
                  0000026c    000005ec     main.obj (.text)
                  00000858    0000009c     rtsv7M4_T_le_v4SPD16_eabi.lib : memcpy_t2.asm.obj (.text)
                  000008f4    00000068                                   : copy_decompress_lzss.c.obj (.text:decompress:lzss:__TI_decompress_lzss)
                  0000095c    00000044                                   : autoinit.c.obj (.text:__TI_auto_init_nobinit_nopinit:__TI_auto_init_nobinit_nopinit)
                  000009a0    00000034                                   : boot_cortex_m.c.obj (.text:_c_int00_noargs:_c_int00_noargs)
                  000009d4    00000034                                   : rand.c.obj (.text:rand)
                  00000a08    0000001c                                   : copy_zero_init.c.obj (.text:decompress:ZI:__TI_zero_init_nomemset:__TI_zero_init_nomemset)
                  00000a24    0000000e                                   : copy_decompress_none.c.obj (.text:decompress:none:__TI_decompress_none)
                  00000a32    0000000c     tm4c1232h6pm_startup_ccs.obj (.text)
                  00000a3e    00000004     rtsv7M4_T_le_v4SPD16_eabi.lib : pre_init.c.obj (.text:_system_pre_init)
                  00000a42    00000004                                   : exit.c.obj (.text:abort:abort)
                  00000a46    00000002                                   : _lock.c.obj (.text:_nop)

.cinit     0    00000a48    00000038     
                  00000a48    0000000f     (.cinit..data.load) [load image, compression = lzss]
                  00000a57    00000001     --HOLE-- [fill = 0]
                  00000a58    0000000c     (__TI_handler_table)
                  00000a64    00000004     --HOLE-- [fill = 0]
                  00000a68    00000008     (.cinit..bss.load) [load image, compression = zero_init]
                  00000a70    00000010     (__TI_cinit_table)

.init_array 
*          0    00000000    00000000     UNINITIALIZED

.data      0    20000200    00000010     UNINITIALIZED
                  20000200    00000008     rtsv7M4_T_le_v4SPD16_eabi.lib : _lock.c.obj (.data:$O1$$)
                  20000208    00000004     main.obj (.data)
                  2000020c    00000004     rtsv7M4_T_le_v4SPD16_eabi.lib : rand.c.obj (.data)

.bss       0    20000210    00000004     UNINITIALIZED
                  20000210    00000004     (.common:TARGET)

.stack     0    20000000    00000200     UNINITIALIZED
                  20000000    00000004     rtsv7M4_T_le_v4SPD16_eabi.lib : boot_cortex_m.c.obj (.stack)
                  20000004    000001fc     --HOLE--

__llvm_prf_cnts 
*          0    20000000    00000000     UNINITIALIZED

MODULE SUMMARY

       Module                         code   ro data   rw data
       ------                         ----   -------   -------
    .\
       main.obj                       1516   0         8      
       tm4c1232h6pm_startup_ccs.obj   12     620       0      
    +--+------------------------------+------+---------+---------+
       Total:                         1528   620       8      
                                                              
    C:\ti\ccs1011\ccs\tools\compiler\ti-cgt-arm_20.2.1.LTS\lib\rtsv7M4_T_le_v4SPD16_eabi.lib
       memcpy_t2.asm.obj              156    0         0      
       copy_decompress_lzss.c.obj     104    0         0      
       autoinit.c.obj                 68     0         0      
       rand.c.obj                     52     0         4      
       boot_cortex_m.c.obj            52     0         0      
       copy_zero_init.c.obj           28     0         0      
       copy_decompress_none.c.obj     14     0         0      
       _lock.c.obj                    2      0         8      
       exit.c.obj                     4      0         0      
       pre_init.c.obj                 4      0         0      
    +--+------------------------------+------+---------+---------+
       Total:                         484    0         12     
                                                              
       Stack:                         0      0         512    
       Linker Generated:              0      51        0      
    +--+------------------------------+------+---------+---------+
       Grand Total:                   2012   671       532    


LINKER GENERATED COPY TABLES

__TI_cinit_table @ 00000a70 records: 2, size/record: 8, table size: 16
	.data: load addr=00000a48, load size=0000000f bytes, run addr=20000200, run size=00000010 bytes, compression=lzss
	.bss: load addr=00000a68, load size=00000008 bytes, run addr=20000210, run size=00000004 bytes, compression=zero_init


LINKER GENERATED HANDLER TABLE

__TI_handler_table @ 00000a58 records: 3, size/record: 4, table size: 12
	index: 0, handler: __TI_decompress_lzss
	index: 1, handler: __TI_decompress_none
	index: 2, handler: __TI_zero_init


GLOBAL SYMBOLS: SORTED ALPHABETICALLY BY Name 

address   name                          
-------   ----                          
00000a43  C$$EXIT                       
00000403  Determine_Game_State          
00000401  ErrorFault                    
20000208  GAME_STATE                    
00000525  Game_Win                      
0000044d  PortB_ISR                     
00000465  PortC_ISR                     
00000435  PortE_ISR                     
00000a33  ResetISR                      
0000026d  SetupDigitalGPIO              
20000210  TARGET                        
000003fb  WaitForInterrupt              
0000047d  Wait_For_Restart              
20000200  __STACK_END                   
00000200  __STACK_SIZE                  
20000200  __STACK_TOP                   
00000a70  __TI_CINIT_Base               
00000a80  __TI_CINIT_Limit              
00000a58  __TI_Handler_Table_Base       
00000a64  __TI_Handler_Table_Limit      
0000095d  __TI_auto_init_nobinit_nopinit
000008f5  __TI_decompress_lzss          
00000a25  __TI_decompress_none          
ffffffff  __TI_pprof_out_hndl           
ffffffff  __TI_prof_data_size           
ffffffff  __TI_prof_data_start          
00000000  __TI_static_base__            
00000a09  __TI_zero_init_nomemset       
00000859  __aeabi_memcpy                
00000859  __aeabi_memcpy4               
00000859  __aeabi_memcpy8               
ffffffff  __binit__                     
ffffffff  __c_args__                    
UNDEFED   __mpu_init                    
20000000  __stack                       
20000000  __start___llvm_prf_cnts       
20000000  __stop___llvm_prf_cnts        
000009a1  _c_int00_noargs               
20000200  _lock                         
00000a47  _nop                          
UNDEFED   _system_post_cinit            
00000a3f  _system_pre_init              
20000204  _unlock                       
00000a43  abort                         
ffffffff  binit                         
00000000  g_pfnVectors                  
000005d5  main                          
00000859  memcpy                        
000009d5  rand                          
000004a9  turn_On_Random_Small_Led      


GLOBAL SYMBOLS: SORTED BY Symbol Address 

address   name                          
-------   ----                          
00000000  __TI_static_base__            
00000000  g_pfnVectors                  
00000200  __STACK_SIZE                  
0000026d  SetupDigitalGPIO              
000003fb  WaitForInterrupt              
00000401  ErrorFault                    
00000403  Determine_Game_State          
00000435  PortE_ISR                     
0000044d  PortB_ISR                     
00000465  PortC_ISR                     
0000047d  Wait_For_Restart              
000004a9  turn_On_Random_Small_Led      
00000525  Game_Win                      
000005d5  main                          
00000859  __aeabi_memcpy                
00000859  __aeabi_memcpy4               
00000859  __aeabi_memcpy8               
00000859  memcpy                        
000008f5  __TI_decompress_lzss          
0000095d  __TI_auto_init_nobinit_nopinit
000009a1  _c_int00_noargs               
000009d5  rand                          
00000a09  __TI_zero_init_nomemset       
00000a25  __TI_decompress_none          
00000a33  ResetISR                      
00000a3f  _system_pre_init              
00000a43  C$$EXIT                       
00000a43  abort                         
00000a47  _nop                          
00000a58  __TI_Handler_Table_Base       
00000a64  __TI_Handler_Table_Limit      
00000a70  __TI_CINIT_Base               
00000a80  __TI_CINIT_Limit              
20000000  __stack                       
20000000  __start___llvm_prf_cnts       
20000000  __stop___llvm_prf_cnts        
20000200  __STACK_END                   
20000200  __STACK_TOP                   
20000200  _lock                         
20000204  _unlock                       
20000208  GAME_STATE                    
20000210  TARGET                        
ffffffff  __TI_pprof_out_hndl           
ffffffff  __TI_prof_data_size           
ffffffff  __TI_prof_data_start          
ffffffff  __binit__                     
ffffffff  __c_args__                    
ffffffff  binit                         
UNDEFED   __mpu_init                    
UNDEFED   _system_post_cinit            

[50 symbols]
